PRINT 'int' (1,1-3)
ID 'contador' (1,5-12)
NEWLINE '\n' (1,13-13)
PRINT 'int' (2,1-3)
ID 'limite' (2,5-10)
NEWLINE '\n' (2,11-11)
PRINT 'int' (3,1-3)
ID 'suma' (3,5-8)
NEWLINE '\n' (3,9-9)
PRBOOL 'bool' (4,1-4)
ID 'continuar' (4,6-14)
NEWLINE '\n' (4,15-15)
ID 'contador' (5,1-8)
IGUAL '=' (5,10-10)
INT '0' (5,12-12)
NEWLINE '\n' (5,13-13)
ID 'limite' (6,1-6)
IGUAL '=' (6,8-8)
INT '5' (6,10-10)
NEWLINE '\n' (6,11-11)
ID 'suma' (7,1-4)
IGUAL '=' (7,6-6)
INT '0' (7,8-8)
NEWLINE '\n' (7,9-9)
ID 'continuar' (8,1-9)
IGUAL '=' (8,11-11)
BOOL 'true' (8,13-16)
NEWLINE '\n' (8,17-17)
PRREAD 'Read' (9,1-4)
PARENI '(' (9,5-5)
ID 'limite' (9,6-11)
PAREND ')' (9,12-12)
NEWLINE '\n' (9,13-13)
PRWHILE 'while' (10,1-5)
PARENI '(' (10,7-7)
ID 'continuar' (10,8-16)
PAREND ')' (10,17-17)
NEWLINE '\n' (10,18-18)
INDENT '' (11,1-1)
ID 'suma' (11,5-8)
IGUAL '=' (11,10-10)
ID 'suma' (11,12-15)
SUM '+' (11,17-17)
ID 'contador' (11,19-26)
NEWLINE '\n' (11,27-27)
ID 'contador' (12,5-12)
IGUAL '=' (12,14-14)
ID 'contador' (12,16-23)
SUM '+' (12,25-25)
INT '1' (12,27-27)
NEWLINE '\n' (12,28-28)
PRWRITE 'Write' (13,5-9)
PARENI '(' (13,10-10)
ID 'suma' (13,11-14)
PAREND ')' (13,15-15)
NEWLINE '\n' (13,16-16)
DEDENT '' (14,1-1)
ID 'continuar' (14,1-9)
IGUAL '=' (14,11-11)
BOOL 'false' (14,13-17)
NEWLINE '\n' (14,18-18)
PRWRITE 'Write' (15,1-5)
PARENI '(' (15,6-6)
ID 'suma' (15,7-10)
PAREND ')' (15,11-11)
NEWLINE '\n' (15,12-12)
FP 'EOF' (16,1-1)
