PRINT 'int' (1,1-3)
ID 'a' (1,5-5)
NEWLINE '\n' (1,6-6)
PRINT 'int' (2,1-3)
ID 'b' (2,5-5)
NEWLINE '\n' (2,6-6)
PRFLOAT 'float' (3,1-5)
ID 'c' (3,7-7)
NEWLINE '\n' (3,8-8)
PRBOOL 'bool' (4,1-4)
ID 'activo' (4,6-11)
NEWLINE '\n' (4,12-12)
NEWLINE '\n' (5,1-1)
ID 'a' (6,1-1)
IGUAL '=' (6,3-3)
INT '2' (6,5-5)
MULTI '*' (6,7-7)
INT '15' (6,9-10)
NEWLINE '\n' (6,11-11)
ID 'b' (7,1-1)
IGUAL '=' (7,3-3)
INT '10' (7,5-6)
SUM '+' (7,8-8)
INT '5' (7,10-10)
NEWLINE '\n' (7,11-11)
ID 'c' (8,1-1)
IGUAL '=' (8,3-3)
INT '20' (8,5-6)
DIV '/' (8,8-8)
INT '4' (8,10-10)
NEWLINE '\n' (8,11-11)
ID 'activo' (9,1-6)
IGUAL '=' (9,8-8)
BOOL 'true' (9,10-13)
NEWLINE '\n' (9,14-14)
FP 'EOF' (10,1-1)
