PRINT 'int' (1,1-3)
ID 'a' (1,5-5)
NEWLINE '\n' (1,6-6)
PRINT 'int' (2,1-3)
ID 'b' (2,5-5)
NEWLINE '\n' (2,6-6)
PRINT 'int' (3,1-3)
ID 'resultado' (3,5-13)
NEWLINE '\n' (3,14-14)
ID 'a' (4,1-1)
IGUAL '=' (4,3-3)
INT '2' (4,5-5)
MULTI '*' (4,7-7)
INT '15' (4,9-10)
NEWLINE '\n' (4,11-11)
ID 'b' (5,1-1)
IGUAL '=' (5,3-3)
INT '10' (5,5-6)
SUM '+' (5,8-8)
INT '5' (5,10-10)
NEWLINE '\n' (5,11-11)
ID 'resultado' (6,1-9)
IGUAL '=' (6,11-11)
ID 'a' (6,13-13)
SUM '+' (6,15-15)
ID 'b' (6,17-17)
NEWLINE '\n' (6,18-18)
PRWRITE 'Write' (7,1-5)
PARENI '(' (7,6-6)
ID 'resultado' (7,7-15)
PAREND ')' (7,16-16)
NEWLINE '\n' (7,17-17)
FP 'EOF' (8,1-1)
