PRINT 'int' (1,1-3)
ID 'edad' (1,5-8)
NEWLINE '\n' (1,9-9)
PRFLOAT 'float' (2,1-5)
ID 'promedio' (2,7-14)
NEWLINE '\n' (2,15-15)
PRBOOL 'bool' (3,1-4)
ID 'activo' (3,6-11)
NEWLINE '\n' (3,12-12)
PRCHAR 'char' (4,1-4)
ID 'nombre' (4,6-11)
NEWLINE '\n' (4,12-12)
NEWLINE '\n' (5,1-1)
ID 'edad' (6,1-4)
IGUAL '=' (6,6-6)
BOOL 'true' (6,8-11)
NEWLINE '\n' (6,12-12)
ID 'promedio' (7,1-8)
IGUAL '=' (7,10-10)
ID 'nombre' (7,12-17)
NEWLINE '\n' (7,18-18)
ID 'activo' (8,1-6)
IGUAL '=' (8,8-8)
INT '25' (8,10-11)
NEWLINE '\n' (8,12-12)
NEWLINE '\n' (9,1-1)
ID 'x' (10,1-1)
IGUAL '=' (10,3-3)
INT '10' (10,5-6)
NEWLINE '\n' (10,7-7)
NEWLINE '\n' (11,1-1)
PRINT 'int' (12,1-3)
ID 'edad' (12,5-8)
NEWLINE '\n' (12,9-9)
NEWLINE '\n' (13,1-1)
ID 'edad' (14,1-4)
IGUAL '=' (14,6-6)
ID 'promedio' (14,8-15)
SUM '+' (14,17-17)
ID 'activo' (14,19-24)
NEWLINE '\n' (14,25-25)
NEWLINE '\n' (15,1-1)
PRIF 'if' (16,1-2)
PARENI '(' (16,4-4)
ID 'edad' (16,5-8)
PAREND ')' (16,9-9)
NEWLINE '\n' (16,10-10)
INDENT '' (17,1-1)
PRWRITE 'Write' (17,5-9)
PARENI '(' (17,10-10)
ID 'edad' (17,11-14)
PAREND ')' (17,15-15)
NEWLINE '\n' (17,16-16)
NEWLINE '\n' (18,1-1)
DEDENT '' (19,1-1)
PRWHILE 'while' (19,1-5)
PARENI '(' (19,7-7)
ID 'nombre' (19,8-13)
PAREND ')' (19,14-14)
NEWLINE '\n' (19,15-15)
INDENT '' (20,1-1)
ID 'edad' (20,5-8)
IGUAL '=' (20,10-10)
ID 'edad' (20,12-15)
SUM '+' (20,17-17)
INT '1' (20,19-19)
NEWLINE '\n' (20,20-20)
NEWLINE '\n' (21,1-1)
DEDENT '' (22,1-1)
PRDEF 'def' (22,1-3)
ID 'suma' (22,5-8)
PARENI '(' (22,9-9)
PRINT 'int' (22,10-12)
ID 'a' (22,14-14)
COMA ',' (22,15-15)
PRINT 'int' (22,17-19)
ID 'b' (22,21-21)
PAREND ')' (22,22-22)
NEWLINE '\n' (22,23-23)
INDENT '' (23,1-1)
PRINT 'int' (23,5-7)
ID 'resultado' (23,9-17)
NEWLINE '\n' (23,18-18)
ID 'resultado' (24,5-13)
IGUAL '=' (24,15-15)
ID 'a' (24,17-17)
SUM '+' (24,19-19)
ID 'b' (24,21-21)
NEWLINE '\n' (24,22-22)
PRRETURN 'return' (25,5-10)
ID 'resultado' (25,12-20)
NEWLINE '\n' (25,21-21)
NEWLINE '\n' (26,1-1)
DEDENT '' (27,1-1)
ID 'suma' (27,1-4)
PARENI '(' (27,5-5)
INT '5' (27,6-6)
PAREND ')' (27,7-7)
NEWLINE '\n' (27,8-8)
NEWLINE '\n' (28,1-1)
ID 'suma' (29,1-4)
PARENI '(' (29,5-5)
INT '5' (29,6-6)
COMA ',' (29,7-7)
BOOL 'true' (29,9-12)
PAREND ')' (29,13-13)
NEWLINE '\n' (29,14-14)
NEWLINE '\n' (30,1-1)
ID 'resta' (31,1-5)
PARENI '(' (31,6-6)
INT '10' (31,7-8)
COMA ',' (31,9-9)
INT '5' (31,11-11)
PAREND ')' (31,12-12)
NEWLINE '\n' (31,13-13)
NEWLINE '\n' (32,1-1)
PRWRITE 'Write' (33,1-5)
PARENI '(' (33,6-6)
ID 'variableNoDeclarada' (33,7-25)
PAREND ')' (33,26-26)
NEWLINE '\n' (33,27-27)
FP 'EOF' (34,1-1)
