PRINT 'int' (1,1-3)
ID 'edad' (1,5-8)
NEWLINE '\n' (1,9-9)
PRFLOAT 'float' (2,1-5)
ID 'promedio' (2,7-14)
NEWLINE '\n' (2,15-15)
PRBOOL 'bool' (3,1-4)
ID 'activo' (3,6-11)
NEWLINE '\n' (3,12-12)
PRCHAR 'char' (4,1-4)
ID 'nombre' (4,6-11)
NEWLINE '\n' (4,12-12)
ID 'edad' (5,1-4)
IGUAL '=' (5,6-6)
BOOL 'true' (5,8-11)
NEWLINE '\n' (5,12-12)
ID 'promedio' (6,1-8)
IGUAL '=' (6,10-10)
ID 'nombre' (6,12-17)
NEWLINE '\n' (6,18-18)
ID 'activo' (7,1-6)
IGUAL '=' (7,8-8)
INT '25' (7,10-11)
NEWLINE '\n' (7,12-12)
ID 'x' (8,1-1)
IGUAL '=' (8,3-3)
INT '10' (8,5-6)
NEWLINE '\n' (8,7-7)
PRINT 'int' (9,1-3)
ID 'edad' (9,5-8)
NEWLINE '\n' (9,9-9)
ID 'edad' (10,1-4)
IGUAL '=' (10,6-6)
ID 'promedio' (10,8-15)
SUM '+' (10,17-17)
ID 'activo' (10,19-24)
NEWLINE '\n' (10,25-25)
PRIF 'if' (11,1-2)
PARENI '(' (11,4-4)
ID 'edad' (11,5-8)
PAREND ')' (11,9-9)
NEWLINE '\n' (11,10-10)
INDENT '' (12,1-1)
PRWRITE 'Write' (12,5-9)
PARENI '(' (12,10-10)
ID 'edad' (12,11-14)
PAREND ')' (12,15-15)
NEWLINE '\n' (12,16-16)
DEDENT '' (13,1-1)
PRWRITE 'Write' (13,1-5)
PARENI '(' (13,6-6)
ID 'variableNoDeclarada' (13,7-25)
PAREND ')' (13,26-26)
NEWLINE '\n' (13,27-27)
FP 'EOF' (14,1-1)
